python : C:\Users\lon
gy\AppData\Local\Prog
rams\Python\Python313
\Lib\site-packages\ct
ranslate2\__init__.py
:8: UserWarning: 
pkg_resources is 
deprecated as an 
API. See https://setu
ptools.pypa.io/en/lat
est/pkg_resources.htm
l. The pkg_resources 
package is slated 
for removal as early 
as 2025-11-30. 
Refrain from using 
this package or pin 
to Setuptools<81.
At line:1 char:1
+ python 
01_whisper_test.py > 
test_output.txt 
2>&1; Get-Content 
test_ou ...
+ ~~~~~~~~~~~~~~~~~~~
~~~~~~~~~~~~~~~~~~~~~
~~~~~~~~
    + CategoryInfo   
           : NotSpe  
  cified: (C:\User   
 s\longy\... Setu    
ptools<81.:Strin    
g) [], RemoteExc    
eption
    + FullyQualified 
   ErrorId : Native  
  CommandError
 
  import 
pkg_resources
============================================================
DAY 1: WHISPER FEASIBILITY TEST
============================================================
Sample Rate: 16000 Hz
Duration: 1.2s
Channels: 1 (mono)

Loading Whisper tiny.en (int8, CPU)...
[OK] Model loaded in 0.57s

Recording 1.2s of audio...
SPEAK NOW:
------------------------------------------------------------
[OK] Recording complete (1.47s)

Transcribing...
------------------------------------------------------------
[OK] Transcription complete

============================================================
RESULTS
============================================================
Transcribed Text: 

Whisper Latency: 0.492s

============================================================
EVALUATION
============================================================
[EXCELLENT] Well under budget

Target: < 1.3s (ideal), < 1.5s (acceptable)
Actual: 0.492s

[OK] PROCEED TO DAY 2: Embedding + Intent Loop
============================================================
